==== STARTING GRAPH ====
UPDATE: {
  "router": {
    "user_motivation": "Thống kê số lượng lượt truy cập trong tháng 3",
    "current_intent": "PLAN",
    "draft_report": ""
  }
}
UPDATE: {đây 
  "planner": {
    "plan_json": {
      "subtasks": [
        {
          "id": 1,
          "description": "Sử dụng sql_extractor để truy vấn số lượng lượt truy cập trong tháng 3",
          "Goal": "Thống kê số lượng lượt truy cập trong tháng 3",
          "task scope": "Truy vấn cơ sở dữ liệu để lấy tổng số lượt truy cập trong khoảng thời gian từ 01/03 đến 31/03"
        },
        {
          "id": 2,
          "description": "Sử dụng insight_analyzer để phân tích kết quả truy vấn",
          "Goal": "Thống kê số lượng lượt truy cập trong tháng 3",
          "task scope": "Phân tích số liệu lượt truy cập để đưa ra nhận xét về mức độ tăng trưởng hoặc xu hướng trong tháng 3"
        },
        {
          "id": 3,
          "description": "Sử dụng chart_visualizer để vẽ biểu đồ lượt truy cập theo ngày trong tháng 3",
          "Goal": "Thống kê số lượng lượt truy cập trong tháng 3",
          "task scope": "Trình bày dữ liệu lượt truy cập tháng 3 dưới dạng biểu đồ đường hoặc cột để dễ dàng theo dõi"
        }
      ]
    }
  }
}
=> GRAPH INTERRUPTED!
==== GRAPH PAUSED AT plan_hitl. RESUMING WITH APPROVE ====
UPDATE: {
  "plan_hitl": null
}
UPDATE: {
  "supervisor": {
    "step_index": 1,
    "current_subtask": "Task Report"
  }
}
UPDATE: {
  "analyst_p1": null
}
UPDATE: {
  "sql_extractor": {
    "sql_query": "SELECT\n  COUNT(*) AS total_visits\nFROM\n  `your_project.your_dataset.visits`\nWHERE\n  EXTRACT(MONTH FROM visit_date) = 3",
    "raw_data": "month,total\\n2023-07,15000\\n2023-08,22000\\n2023-09,18000"
  }
}
UPDATE: {
  "chart_visualizer": {
    "chart_url": "https://storage.googleapis.com/my-bucket/chart_uuid_123.png"
  }
}
UPDATE: {
  "analyst_p2": {
    "draft_report": "Chào bạn, tôi là **Analyst Agent** từ AI RISSER. Dựa trên yêu cầu và dữ liệu bạn cung cấp, tôi xin gửi bản **Draft Insight** phân tích về lưu lượng truy cập.\n\n*Lưu ý: Có một sự sai lệch giữa yêu cầu gốc (thống kê tháng 3) và dữ liệu thực tế cung cấp (tháng 7, 8, 9). Tôi sẽ thực hiện phân tích dựa trên tập dữ liệu thực tế hiện có để đảm bảo tính chính xác.*\n\n---\n\n# BÁO CÁO PHÂN TÍCH LƯỢT TRUY CẬP (THÁNG 7 - THÁNG 9/2023)\n\n### 1. Tóm tắt số liệu (Data Summary)\nTrong giai đoạn từ tháng 7 đến tháng 9 năm 2023, tổng lượt truy cập ghi nhận được như sau:\n*   **Tháng 7:** 15,000 lượt.\n*   **Tháng 8:** 22,000 lượt (Đạt đỉnh).\n*   **Tháng 9:** 18,000 lượt.\n*   **Tổng cộng:** 55,000 lượt truy cập trong 3 tháng.\n\n### 2. Phân tích chuyên sâu (Insights)\nNhìn vào biến động của dữ liệu, chúng ta có thể rút ra các điểm đáng chú ý sau:\n\n*   **Sự tăng trưởng đột biến trong tháng 8:** Lượt truy cập tăng mạnh từ 15,000 lên 22,000 (tăng **~46.7%**) so với tháng 7. Đây là một mức tăng trưởng ấn tượng, cho thấy trong tháng 8 có thể đã diễn ra một chiến dịch marketing hiệu quả, một sự kiện đặc biệt hoặc yếu tố mùa vụ tác động mạnh đến hành vi người dùng.\n*   **Xu hướng điều chỉnh giảm vào tháng 9:** Sau khi đạt đỉnh, lượt truy cập giảm xuống còn 18,000 (giảm **~18.2%** so với tháng 8). Tuy nhiên, con số này vẫn cao hơn mức khởi điểm của tháng 7 (15,000), cho thấy hệ thống vẫn giữ được một lượng người dùng tăng trưởng ròng sau đợt cao điểm.\n*   **Đánh giá chung:** Biểu đồ có hình dạng \"hình chuông\" ngắn, cho thấy lưu lượng truy cập không tăng trưởng tuyến tính mà biến động theo sự kiện.\n\n### 3. Kết luận & Đề xuất (Conclusion & Recommendations)\n**Kết luận:** Giai đoạn Q3/2023 ghi nhận sự biến động mạnh với điểm rơi phong độ vào tháng 8. Việc duy trì được mức 18,000 lượt vào tháng 9 là tín hiệu tích cực, nhưng sự sụt giảm sau đỉnh điểm cần được phân tích kỹ.\n\n**Đề xuất hành động:**\n1.  **Truy vết tháng 8:** Rà soát lại các hoạt động truyền thông, quảng cáo hoặc sản phẩm ra mắt trong tháng 8 để xác định \"điểm chạm\" nào đã thu hút người dùng, từ đó tái lập công thức thành công cho các tháng tiếp theo.\n2.  **Phân tích tỷ lệ giữ chân (Retention Rate):** Kiểm tra xem lượng người dùng tăng thêm trong tháng 8 có bao nhiêu % quay lại trong tháng 9 để đánh giá chất lượng lưu lượng truy cập (Traffic Quality).\n3.  **Xây dựng kịch bản duy trì:** Thiết lập các chiến dịch nuôi dưỡng (nurturing) để tránh tình trạng sụt giảm sâu sau các đợt cao điểm.\n\n### 4. Minh họa trực quan\nĐể có cái nhìn chi tiết hơn về xu hướng tăng trưởng, vui lòng tham khảo biểu đồ dưới đây:\n👉 [**Biểu đồ phân tích lượt truy cập**](https://storage.googleapis.com/my-bucket/chart_uuid_123.png)\n\n---\n*Bản báo cáo này được thực hiện bởi Analyst Agent - AI RISSER.*"
  }
}
=> GRAPH INTERRUPTED AGAIN!
==== GRAPH PAUSED AT report_hitl. RESUMING WITH APPROVE ====
UPDATE: {
  "report_hitl": null
}
UPDATE: {
  "done": null
}
UPDATE: {
  "supervisor": {
    "step_index": 2,
    "current_subtask": "done"
  }
}
UPDATE: {
  "cleanup": {
    "step_index": -1
  }
}
